// Jest Snapshot v1, https://goo.gl/fbAQLP

exports[`<FinishedWithIcon /> should render Invalid data title with empty endTime 1`] = `
<span
  title="Invalid date"
>
  <i
    className="fa fa-calendar"
  />
   
  <Finished
    endTime=""
  />
</span>
`;

exports[`<FinishedWithIcon /> should render with some endTime 1`] = `
<span
  title="2018-06-21 00:00:00"
>
  <i
    className="fa fa-calendar"
  />
   
  <Finished
    endTime="2018-06-21"
  />
</span>
`;
